main.c:104:5:main	272	static
main.c:230:6:SystemClock_Config	96	static
main.c:273:13:MX_ADC1_Init	48	static
main.c:337:13:MX_SPI1_Init	8	static
main.c:377:13:MX_UART4_Init	8	static
main.c:412:13:MX_USART1_UART_Init	8	static
main.c:447:13:MX_GPIO_Init	48	static
main.c:514:6:evtGroupSetter1	72	static
main.c:525:6:evtGroupSetter2	72	static
main.c:536:6:evtGroupWaiter	80	static
main.c:559:6:LCDTask2	16	static
main.c:578:6:LCDTask1	16	static
main.c:606:6:ledTask1	16	static
main.c:625:6:StartTask04	24	static
main.c:652:6:StartTask05	24	static
main.c:677:6:Callback01	16	static
main.c:685:6:Callback02	16	static
main.c:701:6:HAL_TIM_PeriodElapsedCallback	16	static
main.c:718:6:Error_Handler	4	static,ignoring_inline_asm
